     1                                  bits 32 ;assembling for the 32 bits architecture
     2                                  ; the start label will be the entry point in the program
     3                                  global  start 
     4                                  
     5                                  extern  exit ; we inform the assembler that the exit symbol is foreign, i.e. it exists even if we won't be defining it
     6                                  
     7                                  import  exit msvcrt.dll; exit is a function that ends the process, it is defined in msvcrt.dll
     8                                          ; msvcrt.dll contains exit, printf and all the other important C-runtime functions
     9                                  segment  data use32 class=data ; the data segment where the variables are declared 
    10                                      ;unsigned
    11 00000000 7D000000                    a  dd 125 
    12 00000004 96                      	b  db 150
    13 00000005 0F00                        c dw 15
    14 00000007 02                          d db 2
    15 00000008 5000000000000000            e dq 80
    16                                  segment  code use32 class=code ; code segment
    17                                  start: 
    18                                      ;a+b/c-d*2-e=125+10-4-80=51
    19                                      ;b/c
    20 00000000 A0[04000000]                mov AL, [b]
    21 00000005 B400                        mov AH, 0  ;AL-AX
    22 00000007 66BA0000                    mov DX, 0   ;AX-DX:AX
    23 0000000B 66F735[05000000]            div word [c] ;  AX=DX:AX/c=b/c=150/15=10
    24 00000012 6689C3                      mov BX, AX  ;BX=b/c
    25                                      
    26                                      ;d*2
    27 00000015 B002                        mov AL, 2
    28 00000017 F625[07000000]              mul byte [d] ;AX=d*AL
    29                                      
    30                                      
    31                                      ;b/c-d*2  BX-AX
    32 0000001D 6629C3                      sub BX, AX ;BX=b/c-d*2 =10-4=6
    33                                      
    34                                      ;a+BX
    35                                      ;BX->EAX
    36 00000020 B800000000                  mov EAX, 0 ; BX->EAX
    37 00000025 6689D8                      mov AX, BX  ;EAX=b/c-d*2 =10-4=6
    38 00000028 0305[00000000]              add EAX, [a]  ;EAX=a+b/c-d*2 =125+6
    39                                      
    40                                      ;EAX-e
    41 0000002E BA00000000                  mov EDX, 0 ;EAX->EDX:EAX -a+b/c-d*2 
    42                                      
    43 00000033 2B05[08000000]              sub EAX, [e] ;EAX=EAX-e and set CF
    44 00000039 1B15[0C000000]              sbb EDX, [e+4] ; EDX=EDX-[e+4]-CF
    45                                      
    46                                      ;EDX:EAX=a+b/c-d*2-e
